// Jest Snapshot v1, https://goo.gl/fbAQLP

exports[`[SearchService] render component and snapshot matches 1`] = `
<View
  style={
    Array [
      Object {
        "flexBasis": 0,
        "flexGrow": 1,
        "flexShrink": 1,
      },
    ]
  }
>
  <View
    style={
      Array [
        Object {
          "backgroundColor": "#f3f5f7",
          "borderRadius": 8,
          "flexDirection": "row",
          "height": 42,
          "marginLeft": 20,
          "marginRight": 20,
        },
      ]
    }
  >
    <View
      style={
        Array [
          Object {
            "alignItems": "center",
            "backgroundColor": "transparent",
            "height": 24,
            "justifyContent": "center",
            "marginBottom": 9,
            "marginLeft": 8,
            "marginRight": 2,
            "marginTop": 9,
            "width": 24,
          },
        ]
      }
    >
      <Image
        source={1}
        style={
          Array [
            Object {
              "backgroundColor": "transparent",
              "height": 16,
              "marginBottom": 2,
              "width": 16,
            },
          ]
        }
      />
    </View>
    <TextInput
      allowFontScaling={true}
      onChangeText={[Function]}
      placeholder="검색어를 입력해주세요."
      placeholderTextColor="#cdd2d7"
      rejectResponderTermination={true}
      style={
        Array [
          Object {
            "alignSelf": "center",
            "backgroundColor": "transparent",
            "flexGrow": 1,
            "fontSize": 16,
          },
        ]
      }
      testID="SEARCH_INPUT"
      underlineColorAndroid="transparent"
      value=""
    />
  </View>
  <View
    style={
      Array [
        Object {
          "backgroundColor": "transparent",
          "flexDirection": "row",
          "flexWrap": "wrap",
          "justifyContent": "flex-start",
          "marginLeft": 20,
          "marginRight": 20,
        },
        false,
      ]
    }
  >
    <RCTScrollView
      horizontal={true}
      style={
        Array [
          Object {
            "paddingBottom": 12,
            "paddingTop": 12,
          },
        ]
      }
    >
      <View>
        <View
          accessible={true}
          isTVSelectable={true}
          onResponderGrant={[Function]}
          onResponderMove={[Function]}
          onResponderRelease={[Function]}
          onResponderTerminate={[Function]}
          onResponderTerminationRequest={[Function]}
          onStartShouldSetResponder={[Function]}
          style={
            Object {
              "alignItems": "center",
              "backgroundColor": "#3e7eff",
              "borderColor": "#e1e4e7",
              "borderRadius": 17,
              "borderWidth": 1,
              "justifyContent": "center",
              "marginRight": 5,
              "opacity": 1,
              "paddingBottom": 9,
              "paddingLeft": 15,
              "paddingRight": 15,
              "paddingTop": 9,
            }
          }
          testID="CATEGORY_SELECT_CATEGORY_RECOMMENDED"
        >
          <Text
            selected={true}
            style={
              Array [
                Object {
                  "color": "white",
                  "fontSize": 12,
                  "letterSpacing": -0.5,
                },
              ]
            }
          >
            추천
          </Text>
        </View>
        <View
          accessible={true}
          isTVSelectable={true}
          onResponderGrant={[Function]}
          onResponderMove={[Function]}
          onResponderRelease={[Function]}
          onResponderTerminate={[Function]}
          onResponderTerminationRequest={[Function]}
          onStartShouldSetResponder={[Function]}
          style={
            Object {
              "alignItems": "center",
              "backgroundColor": "transparent",
              "borderColor": "#e1e4e7",
              "borderRadius": 17,
              "borderWidth": 1,
              "justifyContent": "center",
              "marginRight": 5,
              "opacity": 1,
              "paddingBottom": 9,
              "paddingLeft": 15,
              "paddingRight": 15,
              "paddingTop": 9,
            }
          }
          testID="CATEGORY_SELECT_CATEGORY_COMMUNICATION_EXPENSE"
        >
          <Text
            selected={false}
            style={
              Array [
                Object {
                  "color": "#a4a5a6",
                  "fontSize": 12,
                  "letterSpacing": -0.5,
                },
              ]
            }
          >
            통신비
          </Text>
        </View>
        <View
          accessible={true}
          isTVSelectable={true}
          onResponderGrant={[Function]}
          onResponderMove={[Function]}
          onResponderRelease={[Function]}
          onResponderTerminate={[Function]}
          onResponderTerminationRequest={[Function]}
          onStartShouldSetResponder={[Function]}
          style={
            Object {
              "alignItems": "center",
              "backgroundColor": "transparent",
              "borderColor": "#e1e4e7",
              "borderRadius": 17,
              "borderWidth": 1,
              "justifyContent": "center",
              "marginRight": 5,
              "opacity": 1,
              "paddingBottom": 9,
              "paddingLeft": 15,
              "paddingRight": 15,
              "paddingTop": 9,
            }
          }
          testID="CATEGORY_SELECT_CATEGORY_FINANCE"
        >
          <Text
            selected={false}
            style={
              Array [
                Object {
                  "color": "#a4a5a6",
                  "fontSize": 12,
                  "letterSpacing": -0.5,
                },
              ]
            }
          >
            금융
          </Text>
        </View>
        <View
          accessible={true}
          isTVSelectable={true}
          onResponderGrant={[Function]}
          onResponderMove={[Function]}
          onResponderRelease={[Function]}
          onResponderTerminate={[Function]}
          onResponderTerminationRequest={[Function]}
          onStartShouldSetResponder={[Function]}
          style={
            Object {
              "alignItems": "center",
              "backgroundColor": "transparent",
              "borderColor": "#e1e4e7",
              "borderRadius": 17,
              "borderWidth": 1,
              "justifyContent": "center",
              "marginRight": 5,
              "opacity": 1,
              "paddingBottom": 9,
              "paddingLeft": 15,
              "paddingRight": 15,
              "paddingTop": 9,
            }
          }
          testID="CATEGORY_SELECT_CATEGORY_RESIDENCE_AND_MAINTENANCE"
        >
          <Text
            selected={false}
            style={
              Array [
                Object {
                  "color": "#a4a5a6",
                  "fontSize": 12,
                  "letterSpacing": -0.5,
                },
              ]
            }
          >
            주거/관리
          </Text>
        </View>
        <View
          accessible={true}
          isTVSelectable={true}
          onResponderGrant={[Function]}
          onResponderMove={[Function]}
          onResponderRelease={[Function]}
          onResponderTerminate={[Function]}
          onResponderTerminationRequest={[Function]}
          onStartShouldSetResponder={[Function]}
          style={
            Object {
              "alignItems": "center",
              "backgroundColor": "transparent",
              "borderColor": "#e1e4e7",
              "borderRadius": 17,
              "borderWidth": 1,
              "justifyContent": "center",
              "marginRight": 5,
              "opacity": 1,
              "paddingBottom": 9,
              "paddingLeft": 15,
              "paddingRight": 15,
              "paddingTop": 9,
            }
          }
          testID="CATEGORY_SELECT_CATEGORY_ETC"
        >
          <Text
            selected={false}
            style={
              Array [
                Object {
                  "color": "#a4a5a6",
                  "fontSize": 12,
                  "letterSpacing": -0.5,
                },
              ]
            }
          >
            기타
          </Text>
        </View>
        <View
          accessible={true}
          isTVSelectable={true}
          onResponderGrant={[Function]}
          onResponderMove={[Function]}
          onResponderRelease={[Function]}
          onResponderTerminate={[Function]}
          onResponderTerminationRequest={[Function]}
          onStartShouldSetResponder={[Function]}
          style={
            Object {
              "alignItems": "center",
              "backgroundColor": "transparent",
              "borderColor": "#e1e4e7",
              "borderRadius": 17,
              "borderWidth": 1,
              "justifyContent": "center",
              "marginRight": 5,
              "opacity": 1,
              "paddingBottom": 9,
              "paddingLeft": 15,
              "paddingRight": 15,
              "paddingTop": 9,
            }
          }
          testID="CATEGORY_SELECT_CATEGORY_ENTERTAINMENT"
        >
          <Text
            selected={false}
            style={
              Array [
                Object {
                  "color": "#a4a5a6",
                  "fontSize": 12,
                  "letterSpacing": -0.5,
                },
              ]
            }
          >
            엔터테인먼트
          </Text>
        </View>
        <View
          accessible={true}
          isTVSelectable={true}
          onResponderGrant={[Function]}
          onResponderMove={[Function]}
          onResponderRelease={[Function]}
          onResponderTerminate={[Function]}
          onResponderTerminationRequest={[Function]}
          onStartShouldSetResponder={[Function]}
          style={
            Object {
              "alignItems": "center",
              "backgroundColor": "transparent",
              "borderColor": "#e1e4e7",
              "borderRadius": 17,
              "borderWidth": 1,
              "justifyContent": "center",
              "marginRight": 5,
              "opacity": 1,
              "paddingBottom": 9,
              "paddingLeft": 15,
              "paddingRight": 15,
              "paddingTop": 9,
            }
          }
          testID="CATEGORY_SELECT_CATEGORY_PRODUCTIVITY"
        >
          <Text
            selected={false}
            style={
              Array [
                Object {
                  "color": "#a4a5a6",
                  "fontSize": 12,
                  "letterSpacing": -0.5,
                },
              ]
            }
          >
            생산성
          </Text>
        </View>
        <View
          accessible={true}
          isTVSelectable={true}
          onResponderGrant={[Function]}
          onResponderMove={[Function]}
          onResponderRelease={[Function]}
          onResponderTerminate={[Function]}
          onResponderTerminationRequest={[Function]}
          onStartShouldSetResponder={[Function]}
          style={
            Object {
              "alignItems": "center",
              "backgroundColor": "transparent",
              "borderColor": "#e1e4e7",
              "borderRadius": 17,
              "borderWidth": 1,
              "justifyContent": "center",
              "marginRight": 5,
              "opacity": 1,
              "paddingBottom": 9,
              "paddingLeft": 15,
              "paddingRight": 15,
              "paddingTop": 9,
            }
          }
          testID="CATEGORY_SELECT_CATEGORY_MUSIC"
        >
          <Text
            selected={false}
            style={
              Array [
                Object {
                  "color": "#a4a5a6",
                  "fontSize": 12,
                  "letterSpacing": -0.5,
                },
              ]
            }
          >
            음악
          </Text>
        </View>
      </View>
    </RCTScrollView>
  </View>
  <View
    style={
      Array [
        Object {
          "backgroundColor": "transparent",
          "flexBasis": 0,
          "flexDirection": "column",
          "flexGrow": 1,
          "flexShrink": 1,
        },
      ]
    }
  >
    <RCTScrollView
      ListFooterComponent={
        Object {
          "$$typeof": Symbol(react.forward_ref),
          "attrs": Array [],
          "displayName": "Styled(View)",
          "inlineStyle": InlineStyle {
            "rules": Array [
              "
  display: flex;
  width: 100%;
  height: 1px;
  background-color: rgb(230, 234, 238);
",
            ],
          },
          "render": [Function],
          "styledComponentId": "StyledNativeComponent",
          "target": [Function],
          "withComponent": [Function],
        }
      }
      data={Array []}
      disableVirtualization={false}
      getItem={[Function]}
      getItemCount={[Function]}
      horizontal={false}
      initialNumToRender={10}
      keyExtractor={[Function]}
      maxToRenderPerBatch={10}
      onContentSizeChange={[Function]}
      onEndReachedThreshold={2}
      onLayout={[Function]}
      onMomentumScrollEnd={[Function]}
      onScroll={[Function]}
      onScrollBeginDrag={[Function]}
      onScrollEndDrag={[Function]}
      renderItem={[Function]}
      renderSectionHeader={[Function]}
      scrollEventThrottle={50}
      sections={Array []}
      stickyHeaderIndices={Array []}
      stickySectionHeadersEnabled={true}
      style={
        Array [
          Object {
            "backgroundColor": "rgb(249, 250, 251)",
          },
        ]
      }
      updateCellsBatchingPeriod={50}
      windowSize={21}
    >
      <View>
        <View
          onLayout={[Function]}
        >
          <View
            style={
              Array [
                Object {
                  "backgroundColor": "rgb(230, 234, 238)",
                  "display": "flex",
                  "height": 1,
                  "width": "100%",
                },
              ]
            }
          />
        </View>
      </View>
    </RCTScrollView>
  </View>
</View>
`;
