// Jest Snapshot v1, https://goo.gl/fbAQLP

exports[`[Setting] should render without crashing 1`] = `
<RCTSafeAreaView
  emulateUnlessSupported={true}
  style={
    Array [
      Object {
        "backgroundColor": "#f9fafb",
        "display": "flex",
        "flexBasis": 0,
        "flexGrow": 1,
        "flexShrink": 1,
        "justifyContent": "center",
        "paddingTop": 20,
      },
    ]
  }
>
  <RCTScrollView
    ListFooterComponent={
      Object {
        "$$typeof": Symbol(react.forward_ref),
        "attrs": Array [],
        "displayName": "Styled(View)",
        "inlineStyle": InlineStyle {
          "rules": Array [
            "
  display: flex;
  width: 100%;
  height: 1px;
  background-color: rgb(230, 234, 238);
",
          ],
        },
        "render": [Function],
        "styledComponentId": "StyledNativeComponent",
        "target": [Function],
        "withComponent": [Function],
      }
    }
    data={
      Array [
        Object {
          "data": Array [
            Object {
              "label": "Email",
              "option": <ForwardRef
                onChangeText={[Function]}
                testID="accountEmail"
              >
                
              </ForwardRef>,
            },
          ],
          "title": "Account",
        },
        Object {
          "data": Array [
            Object {
              "label": "Pre-billing alarm",
              "option": <StyledSwitchToggle
                onPress={[Function]}
                testID="switchToggleNotiBeforePayment"
              />,
            },
            Object {
              "label": "Marketing email notification",
              "option": <StyledSwitchToggle
                onPress={[Function]}
                testID="switchToggleOnNotiMarkettingEmail"
              />,
            },
            Object {
              "label": "Marketing push notification",
              "option": <StyledSwitchToggle
                onPress={[Function]}
                testID="switchToggleOnNotiMarkettingPush"
              />,
            },
          ],
          "title": "Notification",
        },
        Object {
          "data": Array [
            Object {
              "label": "Contact us",
              "onPress": [Function],
            },
          ],
          "title": "Others",
        },
      ]
    }
    disableVirtualization={false}
    getItem={[Function]}
    getItemCount={[Function]}
    horizontal={false}
    initialNumToRender={10}
    keyExtractor={[Function]}
    maxToRenderPerBatch={10}
    onContentSizeChange={[Function]}
    onEndReachedThreshold={2}
    onLayout={[Function]}
    onMomentumScrollEnd={[Function]}
    onScroll={[Function]}
    onScrollBeginDrag={[Function]}
    onScrollEndDrag={[Function]}
    renderItem={[Function]}
    renderSectionHeader={[Function]}
    scrollEventThrottle={50}
    sections={
      Array [
        Object {
          "data": Array [
            Object {
              "label": "Email",
              "option": <ForwardRef
                onChangeText={[Function]}
                testID="accountEmail"
              >
                
              </ForwardRef>,
            },
          ],
          "title": "Account",
        },
        Object {
          "data": Array [
            Object {
              "label": "Pre-billing alarm",
              "option": <StyledSwitchToggle
                onPress={[Function]}
                testID="switchToggleNotiBeforePayment"
              />,
            },
            Object {
              "label": "Marketing email notification",
              "option": <StyledSwitchToggle
                onPress={[Function]}
                testID="switchToggleOnNotiMarkettingEmail"
              />,
            },
            Object {
              "label": "Marketing push notification",
              "option": <StyledSwitchToggle
                onPress={[Function]}
                testID="switchToggleOnNotiMarkettingPush"
              />,
            },
          ],
          "title": "Notification",
        },
        Object {
          "data": Array [
            Object {
              "label": "Contact us",
              "onPress": [Function],
            },
          ],
          "title": "Others",
        },
      ]
    }
    stickyHeaderIndices={
      Array [
        0,
        3,
        8,
      ]
    }
    stickySectionHeadersEnabled={true}
    style={
      Array [
        Object {
          "backgroundColor": "rgb(249, 250, 251)",
        },
      ]
    }
    updateCellsBatchingPeriod={50}
    windowSize={21}
  >
    <View>
      <View
        onLayout={[Function]}
        style={null}
      >
        <View
          style={
            Array [
              Object {
                "backgroundColor": "rgb(230, 234, 238)",
                "display": "flex",
                "height": 1,
                "width": "100%",
              },
            ]
          }
        />
        <View
          style={
            Array [
              Object {
                "backgroundColor": "rgb(249, 250, 251)",
                "display": "flex",
                "height": 36,
                "justifyContent": "center",
                "paddingBottom": 0,
                "paddingLeft": 16,
                "paddingRight": 16,
                "paddingTop": 0,
              },
            ]
          }
          testID="sectionHeader"
        >
          <Text
            style={
              Array [
                Object {
                  "color": "rgb(153, 162, 170)",
                  "fontSize": 12,
                  "letterSpacing": -0.5,
                },
              ]
            }
          >
            Account
          </Text>
        </View>
      </View>
      <View
        onLayout={[Function]}
        style={null}
      >
        <View
          style={
            Array [
              Object {
                "alignItems": "center",
                "backgroundColor": "white",
                "display": "flex",
                "flexDirection": "row",
                "height": 50,
                "justifyContent": "space-between",
                "paddingBottom": 0,
                "paddingLeft": 16,
                "paddingRight": 16,
                "paddingTop": 0,
              },
            ]
          }
        >
          <Text
            style={
              Array [
                Object {
                  "color": "rgb(50, 59, 67)",
                  "fontSize": 16,
                  "letterSpacing": -0.5,
                },
              ]
            }
          >
            Email
          </Text>
          <TextInput
            allowFontScaling={true}
            onChangeText={[Function]}
            rejectResponderTermination={true}
            style={
              Array [
                Object {
                  "color": "rgb(153, 162, 170)",
                  "fontSize": 16,
                  "letterSpacing": -0.5,
                },
              ]
            }
            testID="accountEmail"
            underlineColorAndroid="transparent"
          >
            
          </TextInput>
        </View>
      </View>
      <View
        onLayout={[Function]}
        style={null}
      />
      <View
        onLayout={[Function]}
        style={null}
      >
        <View
          style={
            Array [
              Object {
                "backgroundColor": "rgb(230, 234, 238)",
                "display": "flex",
                "height": 1,
                "width": "100%",
              },
            ]
          }
        />
        <View
          style={
            Array [
              Object {
                "backgroundColor": "rgb(249, 250, 251)",
                "display": "flex",
                "height": 36,
                "justifyContent": "center",
                "paddingBottom": 0,
                "paddingLeft": 16,
                "paddingRight": 16,
                "paddingTop": 0,
              },
            ]
          }
          testID="sectionHeader"
        >
          <Text
            style={
              Array [
                Object {
                  "color": "rgb(153, 162, 170)",
                  "fontSize": 12,
                  "letterSpacing": -0.5,
                },
              ]
            }
          >
            Notification
          </Text>
        </View>
      </View>
      <View
        onLayout={[Function]}
        style={null}
      >
        <View>
          <View
            style={
              Array [
                Object {
                  "alignItems": "center",
                  "backgroundColor": "white",
                  "display": "flex",
                  "flexDirection": "row",
                  "height": 50,
                  "justifyContent": "space-between",
                  "paddingBottom": 0,
                  "paddingLeft": 16,
                  "paddingRight": 16,
                  "paddingTop": 0,
                },
              ]
            }
          >
            <Text
              style={
                Array [
                  Object {
                    "color": "rgb(50, 59, 67)",
                    "fontSize": 16,
                    "letterSpacing": -0.5,
                  },
                ]
              }
            >
              Pre-billing alarm
            </Text>
            <View
              accessible={true}
              isTVSelectable={true}
              onResponderGrant={[Function]}
              onResponderMove={[Function]}
              onResponderRelease={[Function]}
              onResponderTerminate={[Function]}
              onResponderTerminationRequest={[Function]}
              onStartShouldSetResponder={[Function]}
              style={
                Object {
                  "opacity": 1,
                }
              }
            >
              <View
                style={
                  Object {
                    "alignItems": "center",
                    "backgroundColor": "rgba(62, 126, 255, 1)",
                    "borderRadius": 10.9,
                    "flexDirection": "row",
                    "height": 21.7,
                    "padding": 1.1,
                    "width": 40,
                  }
                }
              >
                <View>
                  <Text />
                </View>
                <View
                  style={
                    Object {
                      "backgroundColor": "rgba(255, 255, 255, 1)",
                      "borderRadius": 100,
                      "height": 19.6,
                      "transform": Array [
                        Object {
                          "translateX": 18.2,
                        },
                      ],
                      "width": 19.6,
                    }
                  }
                >
                  <View>
                    <Text />
                  </View>
                </View>
                <View>
                  <Text />
                </View>
              </View>
            </View>
          </View>
          <View
            highlighted={false}
            leadingItem={
              Object {
                "label": "Pre-billing alarm",
                "option": <StyledSwitchToggle
                  onPress={[Function]}
                  testID="switchToggleNotiBeforePayment"
                />,
              }
            }
            leadingSection={
              Object {
                "data": Array [
                  Object {
                    "label": "Email",
                    "option": <ForwardRef
                      onChangeText={[Function]}
                      testID="accountEmail"
                    >
                      
                    </ForwardRef>,
                  },
                ],
                "title": "Account",
              }
            }
            section={
              Object {
                "data": Array [
                  Object {
                    "label": "Pre-billing alarm",
                    "option": <StyledSwitchToggle
                      onPress={[Function]}
                      testID="switchToggleNotiBeforePayment"
                    />,
                  },
                  Object {
                    "label": "Marketing email notification",
                    "option": <StyledSwitchToggle
                      onPress={[Function]}
                      testID="switchToggleOnNotiMarkettingEmail"
                    />,
                  },
                  Object {
                    "label": "Marketing push notification",
                    "option": <StyledSwitchToggle
                      onPress={[Function]}
                      testID="switchToggleOnNotiMarkettingPush"
                    />,
                  },
                ],
                "title": "Notification",
              }
            }
            style={
              Array [
                Object {
                  "alignSelf": "center",
                  "backgroundColor": "rgb(243, 245, 247)",
                  "display": "flex",
                  "height": 1,
                  "width": "91.47%",
                },
              ]
            }
            trailingItem={
              Object {
                "label": "Marketing email notification",
                "option": <StyledSwitchToggle
                  onPress={[Function]}
                  testID="switchToggleOnNotiMarkettingEmail"
                />,
              }
            }
            trailingSection={
              Object {
                "data": Array [
                  Object {
                    "label": "Contact us",
                    "onPress": [Function],
                  },
                ],
                "title": "Others",
              }
            }
          />
        </View>
      </View>
      <View
        onLayout={[Function]}
        style={null}
      >
        <View>
          <View
            style={
              Array [
                Object {
                  "alignItems": "center",
                  "backgroundColor": "white",
                  "display": "flex",
                  "flexDirection": "row",
                  "height": 50,
                  "justifyContent": "space-between",
                  "paddingBottom": 0,
                  "paddingLeft": 16,
                  "paddingRight": 16,
                  "paddingTop": 0,
                },
              ]
            }
          >
            <Text
              style={
                Array [
                  Object {
                    "color": "rgb(50, 59, 67)",
                    "fontSize": 16,
                    "letterSpacing": -0.5,
                  },
                ]
              }
            >
              Marketing email notification
            </Text>
            <View
              accessible={true}
              isTVSelectable={true}
              onResponderGrant={[Function]}
              onResponderMove={[Function]}
              onResponderRelease={[Function]}
              onResponderTerminate={[Function]}
              onResponderTerminationRequest={[Function]}
              onStartShouldSetResponder={[Function]}
              style={
                Object {
                  "opacity": 1,
                }
              }
            >
              <View
                style={
                  Object {
                    "alignItems": "center",
                    "backgroundColor": "rgba(62, 126, 255, 1)",
                    "borderRadius": 10.9,
                    "flexDirection": "row",
                    "height": 21.7,
                    "padding": 1.1,
                    "width": 40,
                  }
                }
              >
                <View>
                  <Text />
                </View>
                <View
                  style={
                    Object {
                      "backgroundColor": "rgba(255, 255, 255, 1)",
                      "borderRadius": 100,
                      "height": 19.6,
                      "transform": Array [
                        Object {
                          "translateX": 18.2,
                        },
                      ],
                      "width": 19.6,
                    }
                  }
                >
                  <View>
                    <Text />
                  </View>
                </View>
                <View>
                  <Text />
                </View>
              </View>
            </View>
          </View>
          <View
            highlighted={false}
            leadingItem={
              Object {
                "label": "Marketing email notification",
                "option": <StyledSwitchToggle
                  onPress={[Function]}
                  testID="switchToggleOnNotiMarkettingEmail"
                />,
              }
            }
            leadingSection={
              Object {
                "data": Array [
                  Object {
                    "label": "Email",
                    "option": <ForwardRef
                      onChangeText={[Function]}
                      testID="accountEmail"
                    >
                      
                    </ForwardRef>,
                  },
                ],
                "title": "Account",
              }
            }
            section={
              Object {
                "data": Array [
                  Object {
                    "label": "Pre-billing alarm",
                    "option": <StyledSwitchToggle
                      onPress={[Function]}
                      testID="switchToggleNotiBeforePayment"
                    />,
                  },
                  Object {
                    "label": "Marketing email notification",
                    "option": <StyledSwitchToggle
                      onPress={[Function]}
                      testID="switchToggleOnNotiMarkettingEmail"
                    />,
                  },
                  Object {
                    "label": "Marketing push notification",
                    "option": <StyledSwitchToggle
                      onPress={[Function]}
                      testID="switchToggleOnNotiMarkettingPush"
                    />,
                  },
                ],
                "title": "Notification",
              }
            }
            style={
              Array [
                Object {
                  "alignSelf": "center",
                  "backgroundColor": "rgb(243, 245, 247)",
                  "display": "flex",
                  "height": 1,
                  "width": "91.47%",
                },
              ]
            }
            trailingItem={
              Object {
                "label": "Marketing push notification",
                "option": <StyledSwitchToggle
                  onPress={[Function]}
                  testID="switchToggleOnNotiMarkettingPush"
                />,
              }
            }
            trailingSection={
              Object {
                "data": Array [
                  Object {
                    "label": "Contact us",
                    "onPress": [Function],
                  },
                ],
                "title": "Others",
              }
            }
          />
        </View>
      </View>
      <View
        onLayout={[Function]}
        style={null}
      >
        <View
          style={
            Array [
              Object {
                "alignItems": "center",
                "backgroundColor": "white",
                "display": "flex",
                "flexDirection": "row",
                "height": 50,
                "justifyContent": "space-between",
                "paddingBottom": 0,
                "paddingLeft": 16,
                "paddingRight": 16,
                "paddingTop": 0,
              },
            ]
          }
        >
          <Text
            style={
              Array [
                Object {
                  "color": "rgb(50, 59, 67)",
                  "fontSize": 16,
                  "letterSpacing": -0.5,
                },
              ]
            }
          >
            Marketing push notification
          </Text>
          <View
            accessible={true}
            isTVSelectable={true}
            onResponderGrant={[Function]}
            onResponderMove={[Function]}
            onResponderRelease={[Function]}
            onResponderTerminate={[Function]}
            onResponderTerminationRequest={[Function]}
            onStartShouldSetResponder={[Function]}
            style={
              Object {
                "opacity": 1,
              }
            }
          >
            <View
              style={
                Object {
                  "alignItems": "center",
                  "backgroundColor": "rgba(62, 126, 255, 1)",
                  "borderRadius": 10.9,
                  "flexDirection": "row",
                  "height": 21.7,
                  "padding": 1.1,
                  "width": 40,
                }
              }
            >
              <View>
                <Text />
              </View>
              <View
                style={
                  Object {
                    "backgroundColor": "rgba(255, 255, 255, 1)",
                    "borderRadius": 100,
                    "height": 19.6,
                    "transform": Array [
                      Object {
                        "translateX": 18.2,
                      },
                    ],
                    "width": 19.6,
                  }
                }
              >
                <View>
                  <Text />
                </View>
              </View>
              <View>
                <Text />
              </View>
            </View>
          </View>
        </View>
      </View>
      <View
        onLayout={[Function]}
        style={null}
      />
      <View
        onLayout={[Function]}
        style={null}
      >
        <View
          style={
            Array [
              Object {
                "backgroundColor": "rgb(230, 234, 238)",
                "display": "flex",
                "height": 1,
                "width": "100%",
              },
            ]
          }
        />
        <View
          style={
            Array [
              Object {
                "backgroundColor": "rgb(249, 250, 251)",
                "display": "flex",
                "height": 36,
                "justifyContent": "center",
                "paddingBottom": 0,
                "paddingLeft": 16,
                "paddingRight": 16,
                "paddingTop": 0,
              },
            ]
          }
          testID="sectionHeader"
        >
          <Text
            style={
              Array [
                Object {
                  "color": "rgb(153, 162, 170)",
                  "fontSize": 12,
                  "letterSpacing": -0.5,
                },
              ]
            }
          >
            Others
          </Text>
        </View>
      </View>
      <View
        onLayout={[Function]}
        style={null}
      >
        <View
          accessible={true}
          isTVSelectable={true}
          onResponderGrant={[Function]}
          onResponderMove={[Function]}
          onResponderRelease={[Function]}
          onResponderTerminate={[Function]}
          onResponderTerminationRequest={[Function]}
          onStartShouldSetResponder={[Function]}
          style={
            Object {
              "opacity": 1,
            }
          }
          testID="touchable"
        >
          <View
            style={
              Array [
                Object {
                  "alignItems": "center",
                  "backgroundColor": "white",
                  "display": "flex",
                  "flexDirection": "row",
                  "height": 50,
                  "justifyContent": "space-between",
                  "paddingBottom": 0,
                  "paddingLeft": 16,
                  "paddingRight": 16,
                  "paddingTop": 0,
                },
              ]
            }
          >
            <Text
              style={
                Array [
                  Object {
                    "color": "rgb(50, 59, 67)",
                    "fontSize": 16,
                    "letterSpacing": -0.5,
                  },
                ]
              }
            >
              Contact us
            </Text>
          </View>
        </View>
      </View>
      <View
        style={
          Object {
            "height": 0,
          }
        }
      />
      <View
        onLayout={[Function]}
      >
        <View
          style={
            Array [
              Object {
                "backgroundColor": "rgb(230, 234, 238)",
                "display": "flex",
                "height": 1,
                "width": "100%",
              },
            ]
          }
        />
      </View>
    </View>
  </RCTScrollView>
  <View
    accessible={true}
    isTVSelectable={true}
    onResponderGrant={[Function]}
    onResponderMove={[Function]}
    onResponderRelease={[Function]}
    onResponderTerminate={[Function]}
    onResponderTerminationRequest={[Function]}
    onStartShouldSetResponder={[Function]}
    style={
      Object {
        "opacity": 1,
      }
    }
    testID="BTN_SIGN_OUT"
  >
    <View
      style={
        Array [
          Object {
            "alignItems": "center",
            "alignSelf": "center",
            "borderColor": "blue",
            "borderRadius": 4,
            "borderWidth": 2,
            "flexDirection": "row",
            "height": 52,
            "justifyContent": "center",
            "width": 320,
          },
          Array [
            Object {
              "borderColor": "#ff84a5",
              "borderWidth": 1,
              "height": 48,
              "marginBottom": 24,
              "width": "80%",
            },
          ],
        ]
      }
    >
      <Text
        style={
          Object {
            "color": "#ff84a5",
          }
        }
      >
        Sign Out
      </Text>
    </View>
  </View>
</RCTSafeAreaView>
`;
